// Jest Snapshot v1, https://goo.gl/fbAQLP

exports[`NgxGovukBackLink should render markup 1`] = `
<ng-component>
  <a
    class="govuk-back-link"
    ngxgovukbacklink=""
  >
    Default
  </a><a
    class="govuk-back-link govuk-back-link--inverse"
    ngxgovukbacklink=""
  >
    Inversed
  </a>
</ng-component>
`;
